[14:28:21] Berhasil mengambil data laporan entitas dari 2025-07-01 sampai 2025-07-31 (Kedudukan ID 8, Notaris ID 1013)
[14:28:29] Berhasil mengambil data laporan entitas dari 2025-07-01 sampai 2025-07-31 (Kedudukan ID 8, Notaris ID 1013)
[14:28:33] Berhasil mengambil data laporan entitas dari 2025-07-01 sampai 2025-07-31 (Kedudukan ID 8, Notaris ID 1013)
[14:38:59] Berhasil mengambil data laporan entitas dari 2025-07-01 sampai 2025-07-31 (Kedudukan ID 8, Notaris ID 6748)
[10:01:35] Export Excel : Laporan Akta Fidusia - Admin Wil Garut, Kabupaten Garut.xlsx
[15:06:02] Berhasil mengambil data laporan entitas dari 2025-07-01 sampai 2025-07-31 (Kedudukan ID 8, Notaris ID 6748)
[15:06:07] Berhasil mengambil data laporan entitas dari 2025-07-01 sampai 2025-07-31 (Kedudukan ID 8, Notaris ID 6730)
[10:09:26] Export Excel : Laporan Akta Fidusia - Admin Wil Garut, Kabupaten Garut.xlsx
[10:09:55] Export Excel : Laporan Akta Fidusia - Tedy Herlambang  SH  MKn, Kabupaten Garut.xlsx
[10:21:35] Export Excel : Laporan Akta Fidusia - Agustine Merdekawati  SH  MKn, Kabupaten Garut.xlsx
[10:21:57] Export Excel : Laporan Akta Fidusia - INTAN RUBYATI DEWI SH MKN, Kabupaten Garut.xlsx
[10:22:22] Export Excel : Laporan Akta Fidusia - Tedy Herlambang  SH  MKn, Kabupaten Garut.xlsx
[15:22:57] Berhasil mengambil rekap laporan per notaris dari 2025-07-01 sampai 2025-07-30 untuk kedudukan ID 8
[15:23:05] Berhasil mengambil rekap laporan per notaris dari 2025-04-01 sampai 2025-07-30 untuk kedudukan ID 8
[15:23:10] Berhasil mengambil data laporan entitas dari 2025-04-01 sampai 2025-07-30 (Kedudukan ID 8, Notaris ID 542)
[15:24:12] Berhasil mengambil rekap laporan per notaris dari 2025-07-01 sampai 2025-07-24 untuk kedudukan ID 8
[15:24:14] Berhasil mengambil data laporan entitas dari 2025-07-01 sampai 2025-07-24 (Kedudukan ID 8, Notaris ID 542)
[10:24:29] Export Excel : Laporan Akta Fidusia - ADILAH NURSILMI HIA, Kabupaten Garut.xlsx
[15:30:23] Berhasil mengambil data laporan entitas dari 2025-07-01 sampai 2025-07-24 (Kedudukan ID 8, Notaris ID 542)
[15:30:32] Berhasil mengambil data laporan entitas dari 2025-07-01 sampai 2025-07-24 (Kedudukan ID 8, Notaris ID 542)
[15:30:41] Berhasil mengambil data laporan entitas dari 2025-07-01 sampai 2025-07-31 (Kedudukan ID 8, Notaris ID 6748)
[15:30:43] Berhasil mengambil data laporan entitas dari 2025-07-01 sampai 2025-07-31 (Kedudukan ID 8, Notaris ID 6748)
[15:30:47] Berhasil mengambil data laporan entitas dari 2025-07-01 sampai 2025-07-31 (Kedudukan ID 8, Notaris ID 6730)
[15:30:49] Berhasil mengambil data laporan entitas dari 2025-07-01 sampai 2025-07-31 (Kedudukan ID 8, Notaris ID 268)
[15:30:54] Berhasil mengambil data laporan entitas dari 2025-07-01 sampai 2025-07-31 (Kedudukan ID 8, Notaris ID 268)
[15:32:56] Berhasil mengambil data laporan entitas dari 2025-07-01 sampai 2025-07-31 (Kedudukan ID 8, Notaris ID 268)
[15:33:04] Berhasil mengambil data laporan entitas dari 2025-07-01 sampai 2025-07-31 (Kedudukan ID 8, Notaris ID 268)
[15:33:09] Berhasil mengambil data laporan entitas dari 2025-07-01 sampai 2025-07-31 (Kedudukan ID 8, Notaris ID 268)
[15:34:33] Berhasil mengambil rekap laporan per notaris dari 2025-04-01 sampai 2025-07-31 untuk kedudukan ID 8
[15:34:36] Berhasil mengambil data laporan entitas dari 2025-04-01 sampai 2025-07-31 (Kedudukan ID 8, Notaris ID 1013)
[15:35:12] Berhasil mengambil data laporan entitas dari 2025-04-01 sampai 2025-07-31 (Kedudukan ID 8, Notaris ID 1013)
[15:35:21] Berhasil mengambil data laporan entitas dari 2025-04-01 sampai 2025-07-31 (Kedudukan ID 8, Notaris ID 1013)
[15:35:32] Berhasil mengambil data laporan entitas dari 2025-04-01 sampai 2025-07-31 (Kedudukan ID 8, Notaris ID 1013)
[15:35:41] Berhasil mengambil data laporan entitas dari 2025-04-01 sampai 2025-07-31 (Kedudukan ID 8, Notaris ID 1013)
[15:36:24] Berhasil mengambil data laporan entitas dari 2025-04-01 sampai 2025-07-31 (Kedudukan ID 8, Notaris ID 1013)
[15:36:38] Berhasil mengambil data laporan entitas dari 2025-04-01 sampai 2025-07-31 (Kedudukan ID 8, Notaris ID 1137)
[15:36:40] Berhasil mengambil rekap laporan per notaris dari 2025-04-01 sampai 2025-07-31 untuk kedudukan ID 8
